
        SELECT
            MAC,

            COUNT(*) FILTER (WHERE DAC_RANK=1) AS P,
            COUNT(DISTINCT DN_ID) FILTER (WHERE DAC_RANK=1) AS UNIQUE_P,
            COUNT(DISTINCT DN_ID) AS UNIQUE_DN,
            COUNT(DISTINCT DN_ID) FILTER (WHERE RCODE=3) AS UNIQUE_NXDN,
            COUNT(*) AS QR,
            COUNT(*) filter (WHERE RCODE IS NULL) AS Q,
            COUNT(*) filter (WHERE RCODE IS NOT NULL) AS R,
            COUNT(*) filter (WHERE RCODE=3) AS NX,
            
            COUNT(*) FILTER (WHERE EPS1 >= 0.5) AS P1_QR,
            COUNT(*) FILTER (WHERE RCODE IS NULL AND EPS1 >= 0.5) AS P1_Q,
            COUNT(*) FILTER (WHERE RCODE IS NOT NULL AND EPS1 >= 0.5) AS P1_R,
            COUNT(*) FILTER (WHERE RCODE = 3 AND EPS1 >= 0.5) AS P1_NX,
            COUNT(*) FILTER (WHERE RN=1 AND EPS1 >= 0.5) AS P1_DD,
            COUNT(*) FILTER (WHERE RCODE=3 AND RN_QR_RCODE=1 AND EPS1 >= 0.5) AS P1_DD_NX,
            COUNT(*) FILTER (WHERE RN_MAC=1 AND EPS1 >= 0.5) AS P1_DDMAC,
            COUNT(*) FILTER (WHERE RCODE=3 AND RN_MAC_QR_RCODE=1 AND EPS1 >= 0.5) AS P1_DDMAC_NX,

            SUM(LAMBDA1) AS LLR_QR,
            SUM(LAMBDA1) FILTER (WHERE RCODE IS NULL) AS LLR_Q,
            SUM(LAMBDA1) FILTER (WHERE RCODE IS NOT NULL) AS LLR_R,
            SUM(LAMBDA1) FILTER (WHERE RCODE = 3) AS LLR_NX,
            SUM(LAMBDA1) FILTER (WHERE RN=1) AS LLR_DD,
            SUM(LAMBDA1) FILTER (WHERE RCODE=3 AND RN_QR_RCODE=1) AS LLR_DD_NX,
            SUM(LAMBDA1) FILTER (WHERE RN_MAC=1) AS LLR_DDMAC,
            SUM(LAMBDA1) FILTER (WHERE RCODE=3 AND RN_MAC_QR_RCODE=1) AS LLR_DDMAC_NX

        FROM get_window_all2(9, 3600, 23) 

        WHERE DAC_RANK=3  OR (DAC_RANK=1 AND DAC_FAMILY='tofsee')

        GROUP BY MAC
